---
source: src/licenses/cfg.rs
expression: validated
---
{
  "file_id": 0,
  "private": {
    "ignore": true,
    "ignore_sources": [],
    "registries": [
      "sekrets"
    ]
  },
  "unused_allowed_license": "warn",
  "unused_license_exception": "warn",
  "confidence_threshold": 0.95,
  "allowed": [
    "Apache-2.0 WITH LLVM-exception",
    "EUPL-1.2"
  ],
  "clarifications": [
    {
      "spec": {
        "name": "ring",
        "version-req": null
      },
      "expression": "MIT AND ISC AND OpenSSL",
      "license-files": [
        {
          "path": "LICENSE",
          "hash": 3171872035
        }
      ]
    }
  ],
  "exceptions": [
    {
      "spec": {
        "name": "adler32",
        "version-req": "^0.1.1"
      },
      "allowed": [
        "Zlib"
      ],
      "file_id": 0
    }
  ],
  "ignore_sources": [],
  "include_dev": false
}
