---
source: tests/advisories.rs
expression: "diags.iter().find(|diag|\n            field_eq!(diag, \"/fields/code\", \"advisory_not_detected\")).unwrap()"
---
{
  "fields": {
    "code": "advisory_not_detected",
    "graphs": [],
    "labels": [
      {
        "column": 11,
        "line": 4,
        "message": "no crate matched advisory criteria",
        "span": "'RUSTSEC-2020-0053'"
      }
    ],
    "message": "advisory was not encountered",
    "severity": "warning"
  },
  "type": "diagnostic"
}
