---
source: tests/bans.rs
expression: diags
---
[
  {
    "fields": {
      "code": "unmatched-skip",
      "graphs": [],
      "labels": [
        {
          "column": 15,
          "line": 4,
          "message": "unmatched skip configuration",
          "span": "block-buffer"
        }
      ],
      "message": "skipped crate 'block-buffer = =0.7.3' was not encountered",
      "severity": "warning"
    },
    "type": "diagnostic"
  }
]
