---
source: src/cargo-deny/main.rs
expression: help_text
---
Creates a cargo-deny config from a template

Usage: init [CONFIG]

Arguments:
  [CONFIG]
          The path to create
          
          Defaults to <cwd>/deny.toml

Options:
  -h, --help
          Print help (see a summary with '-h')

  -V, --version
          Print version

