---
source: src/cargo-deny/main.rs
expression: help_text
---
Creates a cargo-deny config from a template

Usage: init [CONFIG]

Arguments:
  [CONFIG]
          The path to create
          
          Defaults to <cwd>/deny.toml

Options:
  -h, --help
          Print help information (use `-h` for a summary)

  -V, --version
          Print version information

