---
source: tests/licenses.rs
expression: diags
---
[
  {
    "fields": {
      "code": "accepted",
      "graphs": [
        {
          "Krate": {
            "name": "bumpalo",
            "version": "3.11.1"
          },
          "parents": [
            {
              "Krate": {
                "name": "wasm-bindgen-backend",
                "version": "0.2.87"
              },
              "parents": [
                {
                  "Krate": {
                    "name": "wasm-bindgen-macro-support",
                    "version": "0.2.87"
                  },
                  "parents": [
                    {
                      "Krate": {
                        "name": "wasm-bindgen-macro",
                        "version": "0.2.87"
                      },
                      "parents": [
                        {
                          "Krate": {
                            "name": "wasm-bindgen",
                            "version": "0.2.87"
                          },
                          "parents": [
                            {
                              "Krate": {
                                "name": "js-sys",
                                "version": "0.3.64"
                              },
                              "parents": [
                                {
                                  "Krate": {
                                    "name": "web-sys",
                                    "version": "0.3.64"
                                  },
                                  "parents": [
                                    {
                                      "Krate": {
                                        "name": "ring",
                                        "version": "0.16.20"
                                      },
                                      "parents": [
                                        {
                                          "Krate": {
                                            "name": "rustls-webpki",
                                            "version": "0.100.1"
                                          },
                                          "parents": [
                                            {
                                              "Krate": {
                                                "name": "license-clarification",
                                                "version": "0.1.0"
                                              }
                                            }
                                          ]
                                        }
                                      ]
                                    }
                                  ]
                                }
                              ]
                            },
                            {
                              "Krate": {
                                "name": "web-sys",
                                "version": "0.3.64"
                              },
                              "repeat": true
                            }
                          ]
                        }
                      ]
                    }
                  ]
                }
              ]
            }
          ]
        }
      ],
      "labels": [
        {
          "column": 12,
          "line": 32,
          "message": "",
          "span": "MIT/Apache-2.0"
        },
        {
          "column": 12,
          "line": 32,
          "message": "accepted: license is explicitly allowed",
          "span": "MIT"
        },
        {
          "column": 16,
          "line": 32,
          "message": "accepted: license is explicitly allowed",
          "span": "Apache-2.0"
        }
      ],
      "message": "license requirements satisfied",
      "severity": "help"
    },
    "type": "diagnostic"
  },
  {
    "fields": {
      "code": "accepted",
      "graphs": [
        {
          "Krate": {
            "name": "cc",
            "version": "1.0.75"
          },
          "parents": [
            {
              "Krate": {
                "kind": "build",
                "name": "ring",
                "version": "0.16.20"
              },
              "parents": [
                {
                  "Krate": {
                    "name": "rustls-webpki",
                    "version": "0.100.1"
                  },
                  "parents": [
                    {
                      "Krate": {
                        "name": "license-clarification",
                        "version": "0.1.0"
                      }
                    }
                  ]
                }
              ]
            }
          ]
        }
      ],
      "labels": [
        {
          "column": 12,
          "line": 28,
          "message": "",
          "span": "MIT OR Apache-2.0"
        },
        {
          "column": 12,
          "line": 28,
          "message": "accepted: license is explicitly allowed",
          "span": "MIT"
        },
        {
          "column": 19,
          "line": 28,
          "message": "accepted: license is explicitly allowed",
          "span": "Apache-2.0"
        }
      ],
      "message": "license requirements satisfied",
      "severity": "help"
    },
    "type": "diagnostic"
  },
  {
    "fields": {
      "code": "accepted",
      "graphs": [
        {
          "Krate": {
            "name": "cfg-if",
            "version": "1.0.0"
          },
          "parents": [
            {
              "Krate": {
                "name": "log",
                "version": "0.4.17"
              },
              "parents": [
                {
                  "Krate": {
                    "name": "wasm-bindgen-backend",
                    "version": "0.2.87"
                  },
                  "parents": [
                    {
                      "Krate": {
                        "name": "wasm-bindgen-macro-support",
                        "version": "0.2.87"
                      },
                      "parents": [
                        {
                          "Krate": {
                            "name": "wasm-bindgen-macro",
                            "version": "0.2.87"
                          },
                          "parents": [
                            {
                              "Krate": {
                                "name": "wasm-bindgen",
                                "version": "0.2.87"
                              },
                              "parents": [
                                {
                                  "Krate": {
                                    "name": "js-sys",
                                    "version": "0.3.64"
                                  },
                                  "parents": [
                                    {
                                      "Krate": {
                                        "name": "web-sys",
                                        "version": "0.3.64"
                                      },
                                      "parents": [
                                        {
                                          "Krate": {
                                            "name": "ring",
                                            "version": "0.16.20"
                                          },
                                          "parents": [
                                            {
                                              "Krate": {
                                                "name": "rustls-webpki",
                                                "version": "0.100.1"
                                              },
                                              "parents": [
                                                {
                                                  "Krate": {
                                                    "name": "license-clarification",
                                                    "version": "0.1.0"
                                                  }
                                                }
                                              ]
                                            }
                                          ]
                                        }
                                      ]
                                    }
                                  ]
                                },
                                {
                                  "Krate": {
                                    "name": "web-sys",
                                    "version": "0.3.64"
                                  },
                                  "repeat": true
                                }
                              ]
                            }
                          ]
                        }
                      ]
                    }
                  ]
                }
              ]
            },
            {
              "Krate": {
                "name": "wasm-bindgen",
                "version": "0.2.87"
              },
              "repeat": true
            }
          ]
        }
      ],
      "labels": [
        {
          "column": 12,
          "line": 22,
          "message": "",
          "span": "MIT/Apache-2.0"
        },
        {
          "column": 12,
          "line": 22,
          "message": "accepted: license is explicitly allowed",
          "span": "MIT"
        },
        {
          "column": 16,
          "line": 22,
          "message": "accepted: license is explicitly allowed",
          "span": "Apache-2.0"
        }
      ],
      "message": "license requirements satisfied",
      "severity": "help"
    },
    "type": "diagnostic"
  },
  {
    "fields": {
      "code": "accepted",
      "graphs": [
        {
          "Krate": {
            "name": "js-sys",
            "version": "0.3.64"
          },
          "parents": [
            {
              "Krate": {
                "name": "web-sys",
                "version": "0.3.64"
              },
              "parents": [
                {
                  "Krate": {
                    "name": "ring",
                    "version": "0.16.20"
                  },
                  "parents": [
                    {
                      "Krate": {
                        "name": "rustls-webpki",
                        "version": "0.100.1"
                      },
                      "parents": [
                        {
                          "Krate": {
                            "name": "license-clarification",
                            "version": "0.1.0"
                          }
                        }
                      ]
                    }
                  ]
                }
              ]
            }
          ]
        }
      ],
      "labels": [
        {
          "column": 12,
          "line": 26,
          "message": "",
          "span": "MIT/Apache-2.0"
        },
        {
          "column": 12,
          "line": 26,
          "message": "accepted: license is explicitly allowed",
          "span": "MIT"
        },
        {
          "column": 16,
          "line": 26,
          "message": "accepted: license is explicitly allowed",
          "span": "Apache-2.0"
        }
      ],
      "message": "license requirements satisfied",
      "severity": "help"
    },
    "type": "diagnostic"
  },
  {
    "fields": {
      "code": "accepted",
      "graphs": [
        {
          "Krate": {
            "name": "libc",
            "version": "0.2.137"
          },
          "parents": [
            {
              "Krate": {
                "name": "ring",
                "version": "0.16.20"
              },
              "parents": [
                {
                  "Krate": {
                    "name": "rustls-webpki",
                    "version": "0.100.1"
                  },
                  "parents": [
                    {
                      "Krate": {
                        "name": "license-clarification",
                        "version": "0.1.0"
                      }
                    }
                  ]
                }
              ]
            }
          ]
        }
      ],
      "labels": [
        {
          "column": 12,
          "line": 41,
          "message": "",
          "span": "MIT OR Apache-2.0"
        },
        {
          "column": 12,
          "line": 41,
          "message": "accepted: license is explicitly allowed",
          "span": "MIT"
        },
        {
          "column": 19,
          "line": 41,
          "message": "accepted: license is explicitly allowed",
          "span": "Apache-2.0"
        }
      ],
      "message": "license requirements satisfied",
      "severity": "help"
    },
    "type": "diagnostic"
  },
  {
    "fields": {
      "code": "accepted",
      "graphs": [
        {
          "Krate": {
            "name": "license-clarification",
            "version": "0.1.0"
          }
        }
      ],
      "labels": [
        {
          "column": 12,
          "line": 5,
          "message": "",
          "span": "MIT OR Apache-2.0"
        },
        {
          "column": 12,
          "line": 5,
          "message": "accepted: license is explicitly allowed",
          "span": "MIT"
        },
        {
          "column": 19,
          "line": 5,
          "message": "accepted: license is explicitly allowed",
          "span": "Apache-2.0"
        }
      ],
      "message": "license requirements satisfied",
      "severity": "help"
    },
    "type": "diagnostic"
  },
  {
    "fields": {
      "code": "accepted",
      "graphs": [
        {
          "Krate": {
            "name": "log",
            "version": "0.4.17"
          },
          "parents": [
            {
              "Krate": {
                "name": "wasm-bindgen-backend",
                "version": "0.2.87"
              },
              "parents": [
                {
                  "Krate": {
                    "name": "wasm-bindgen-macro-support",
                    "version": "0.2.87"
                  },
                  "parents": [
                    {
                      "Krate": {
                        "name": "wasm-bindgen-macro",
                        "version": "0.2.87"
                      },
                      "parents": [
                        {
                          "Krate": {
                            "name": "wasm-bindgen",
                            "version": "0.2.87"
                          },
                          "parents": [
                            {
                              "Krate": {
                                "name": "js-sys",
                                "version": "0.3.64"
                              },
                              "parents": [
                                {
                                  "Krate": {
                                    "name": "web-sys",
                                    "version": "0.3.64"
                                  },
                                  "parents": [
                                    {
                                      "Krate": {
                                        "name": "ring",
                                        "version": "0.16.20"
                                      },
                                      "parents": [
                                        {
                                          "Krate": {
                                            "name": "rustls-webpki",
                                            "version": "0.100.1"
                                          },
                                          "parents": [
                                            {
                                              "Krate": {
                                                "name": "license-clarification",
                                                "version": "0.1.0"
                                              }
                                            }
                                          ]
                                        }
                                      ]
                                    }
                                  ]
                                }
                              ]
                            },
                            {
                              "Krate": {
                                "name": "web-sys",
                                "version": "0.3.64"
                              },
                              "repeat": true
                            }
                          ]
                        }
                      ]
                    }
                  ]
                }
              ]
            }
          ]
        }
      ],
      "labels": [
        {
          "column": 12,
          "line": 25,
          "message": "",
          "span": "MIT OR Apache-2.0"
        },
        {
          "column": 12,
          "line": 25,
          "message": "accepted: license is explicitly allowed",
          "span": "MIT"
        },
        {
          "column": 19,
          "line": 25,
          "message": "accepted: license is explicitly allowed",
          "span": "Apache-2.0"
        }
      ],
      "message": "license requirements satisfied",
      "severity": "help"
    },
    "type": "diagnostic"
  },
  {
    "fields": {
      "code": "accepted",
      "graphs": [
        {
          "Krate": {
            "name": "once_cell",
            "version": "1.16.0"
          },
          "parents": [
            {
              "Krate": {
                "name": "ring",
                "version": "0.16.20"
              },
              "parents": [
                {
                  "Krate": {
                    "name": "rustls-webpki",
                    "version": "0.100.1"
                  },
                  "parents": [
                    {
                      "Krate": {
                        "name": "license-clarification",
                        "version": "0.1.0"
                      }
                    }
                  ]
                }
              ]
            },
            {
              "Krate": {
                "name": "wasm-bindgen-backend",
                "version": "0.2.87"
              },
              "parents": [
                {
                  "Krate": {
                    "name": "wasm-bindgen-macro-support",
                    "version": "0.2.87"
                  },
                  "parents": [
                    {
                      "Krate": {
                        "name": "wasm-bindgen-macro",
                        "version": "0.2.87"
                      },
                      "parents": [
                        {
                          "Krate": {
                            "name": "wasm-bindgen",
                            "version": "0.2.87"
                          },
                          "parents": [
                            {
                              "Krate": {
                                "name": "js-sys",
                                "version": "0.3.64"
                              },
                              "parents": [
                                {
                                  "Krate": {
                                    "name": "web-sys",
                                    "version": "0.3.64"
                                  },
                                  "parents": [
                                    {
                                      "Krate": {
                                        "name": "ring",
                                        "version": "0.16.20"
                                      },
                                      "repeat": true
                                    }
                                  ]
                                }
                              ]
                            },
                            {
                              "Krate": {
                                "name": "web-sys",
                                "version": "0.3.64"
                              },
                              "repeat": true
                            }
                          ]
                        }
                      ]
                    }
                  ]
                }
              ]
            }
          ]
        }
      ],
      "labels": [
        {
          "column": 12,
          "line": 35,
          "message": "",
          "span": "MIT OR Apache-2.0"
        },
        {
          "column": 12,
          "line": 35,
          "message": "accepted: license is explicitly allowed",
          "span": "MIT"
        },
        {
          "column": 19,
          "line": 35,
          "message": "accepted: license is explicitly allowed",
          "span": "Apache-2.0"
        }
      ],
      "message": "license requirements satisfied",
      "severity": "help"
    },
    "type": "diagnostic"
  },
  {
    "fields": {
      "code": "accepted",
      "graphs": [
        {
          "Krate": {
            "name": "proc-macro2",
            "version": "1.0.66"
          },
          "parents": [
            {
              "Krate": {
                "name": "quote",
                "version": "1.0.32"
              },
              "parents": [
                {
                  "Krate": {
                    "name": "syn",
                    "version": "2.0.27"
                  },
                  "parents": [
                    {
                      "Krate": {
                        "name": "wasm-bindgen-backend",
                        "version": "0.2.87"
                      },
                      "parents": [
                        {
                          "Krate": {
                            "name": "wasm-bindgen-macro-support",
                            "version": "0.2.87"
                          },
                          "parents": [
                            {
                              "Krate": {
                                "name": "wasm-bindgen-macro",
                                "version": "0.2.87"
                              },
                              "parents": [
                                {
                                  "Krate": {
                                    "name": "wasm-bindgen",
                                    "version": "0.2.87"
                                  },
                                  "parents": [
                                    {
                                      "Krate": {
                                        "name": "js-sys",
                                        "version": "0.3.64"
                                      },
                                      "parents": [
                                        {
                                          "Krate": {
                                            "name": "web-sys",
                                            "version": "0.3.64"
                                          },
                                          "parents": [
                                            {
                                              "Krate": {
                                                "name": "ring",
                                                "version": "0.16.20"
                                              },
                                              "parents": [
                                                {
                                                  "Krate": {
                                                    "name": "rustls-webpki",
                                                    "version": "0.100.1"
                                                  },
                                                  "parents": [
                                                    {
                                                      "Krate": {
                                                        "name": "license-clarification",
                                                        "version": "0.1.0"
                                                      }
                                                    }
                                                  ]
                                                }
                                              ]
                                            }
                                          ]
                                        }
                                      ]
                                    },
                                    {
                                      "Krate": {
                                        "name": "web-sys",
                                        "version": "0.3.64"
                                      },
                                      "repeat": true
                                    }
                                  ]
                                }
                              ]
                            }
                          ]
                        }
                      ]
                    },
                    {
                      "Krate": {
                        "name": "wasm-bindgen-macro-support",
                        "version": "0.2.87"
                      },
                      "repeat": true
                    }
                  ]
                },
                {
                  "Krate": {
                    "name": "wasm-bindgen-backend",
                    "version": "0.2.87"
                  },
                  "repeat": true
                },
                {
                  "Krate": {
                    "name": "wasm-bindgen-macro",
                    "version": "0.2.87"
                  },
                  "repeat": true
                },
                {
                  "Krate": {
                    "name": "wasm-bindgen-macro-support",
                    "version": "0.2.87"
                  },
                  "repeat": true
                }
              ]
            },
            {
              "Krate": {
                "name": "syn",
                "version": "2.0.27"
              },
              "repeat": true
            },
            {
              "Krate": {
                "name": "wasm-bindgen-backend",
                "version": "0.2.87"
              },
              "repeat": true
            },
            {
              "Krate": {
                "name": "wasm-bindgen-macro-support",
                "version": "0.2.87"
              },
              "repeat": true
            }
          ]
        }
      ],
      "labels": [
        {
          "column": 12,
          "line": 30,
          "message": "",
          "span": "MIT OR Apache-2.0"
        },
        {
          "column": 12,
          "line": 30,
          "message": "accepted: license is explicitly allowed",
          "span": "MIT"
        },
        {
          "column": 19,
          "line": 30,
          "message": "accepted: license is explicitly allowed",
          "span": "Apache-2.0"
        }
      ],
      "message": "license requirements satisfied",
      "severity": "help"
    },
    "type": "diagnostic"
  },
  {
    "fields": {
      "code": "accepted",
      "graphs": [
        {
          "Krate": {
            "name": "quote",
            "version": "1.0.32"
          },
          "parents": [
            {
              "Krate": {
                "name": "syn",
                "version": "2.0.27"
              },
              "parents": [
                {
                  "Krate": {
                    "name": "wasm-bindgen-backend",
                    "version": "0.2.87"
                  },
                  "parents": [
                    {
                      "Krate": {
                        "name": "wasm-bindgen-macro-support",
                        "version": "0.2.87"
                      },
                      "parents": [
                        {
                          "Krate": {
                            "name": "wasm-bindgen-macro",
                            "version": "0.2.87"
                          },
                          "parents": [
                            {
                              "Krate": {
                                "name": "wasm-bindgen",
                                "version": "0.2.87"
                              },
                              "parents": [
                                {
                                  "Krate": {
                                    "name": "js-sys",
                                    "version": "0.3.64"
                                  },
                                  "parents": [
                                    {
                                      "Krate": {
                                        "name": "web-sys",
                                        "version": "0.3.64"
                                      },
                                      "parents": [
                                        {
                                          "Krate": {
                                            "name": "ring",
                                            "version": "0.16.20"
                                          },
                                          "parents": [
                                            {
                                              "Krate": {
                                                "name": "rustls-webpki",
                                                "version": "0.100.1"
                                              },
                                              "parents": [
                                                {
                                                  "Krate": {
                                                    "name": "license-clarification",
                                                    "version": "0.1.0"
                                                  }
                                                }
                                              ]
                                            }
                                          ]
                                        }
                                      ]
                                    }
                                  ]
                                },
                                {
                                  "Krate": {
                                    "name": "web-sys",
                                    "version": "0.3.64"
                                  },
                                  "repeat": true
                                }
                              ]
                            }
                          ]
                        }
                      ]
                    }
                  ]
                },
                {
                  "Krate": {
                    "name": "wasm-bindgen-macro-support",
                    "version": "0.2.87"
                  },
                  "repeat": true
                }
              ]
            },
            {
              "Krate": {
                "name": "wasm-bindgen-backend",
                "version": "0.2.87"
              },
              "repeat": true
            },
            {
              "Krate": {
                "name": "wasm-bindgen-macro",
                "version": "0.2.87"
              },
              "repeat": true
            },
            {
              "Krate": {
                "name": "wasm-bindgen-macro-support",
                "version": "0.2.87"
              },
              "repeat": true
            }
          ]
        }
      ],
      "labels": [
        {
          "column": 12,
          "line": 27,
          "message": "",
          "span": "MIT OR Apache-2.0"
        },
        {
          "column": 12,
          "line": 27,
          "message": "accepted: license is explicitly allowed",
          "span": "MIT"
        },
        {
          "column": 19,
          "line": 27,
          "message": "accepted: license is explicitly allowed",
          "span": "Apache-2.0"
        }
      ],
      "message": "license requirements satisfied",
      "severity": "help"
    },
    "type": "diagnostic"
  },
  {
    "fields": {
      "code": "accepted",
      "graphs": [
        {
          "Krate": {
            "name": "ring",
            "version": "0.16.20"
          },
          "parents": [
            {
              "Krate": {
                "name": "rustls-webpki",
                "version": "0.100.1"
              },
              "parents": [
                {
                  "Krate": {
                    "name": "license-clarification",
                    "version": "0.1.0"
                  }
                }
              ]
            }
          ]
        }
      ],
      "labels": [
        {
          "column": 15,
          "line": 18,
          "message": "license expression retrieved via user override",
          "span": "ISC AND MIT AND OpenSSL"
        },
        {
          "column": 15,
          "line": 18,
          "message": "accepted: license is explicitly allowed",
          "span": "ISC"
        },
        {
          "column": 23,
          "line": 18,
          "message": "accepted: license is explicitly allowed",
          "span": "MIT"
        },
        {
          "column": 31,
          "line": 18,
          "message": "accepted: license is explicitly allowed via an exception",
          "span": "OpenSSL"
        }
      ],
      "message": "license requirements satisfied",
      "severity": "help"
    },
    "type": "diagnostic"
  },
  {
    "fields": {
      "code": "no-license-field",
      "graphs": [
        {
          "Krate": {
            "name": "rustls-webpki",
            "version": "0.100.1"
          },
          "parents": [
            {
              "Krate": {
                "name": "license-clarification",
                "version": "0.1.0"
              }
            }
          ]
        }
      ],
      "message": "license expression was not specified in manifest",
      "severity": "warning"
    },
    "type": "diagnostic"
  },
  {
    "fields": {
      "code": "accepted",
      "graphs": [
        {
          "Krate": {
            "name": "rustls-webpki",
            "version": "0.100.1"
          },
          "parents": [
            {
              "Krate": {
                "name": "license-clarification",
                "version": "0.1.0"
              }
            }
          ]
        }
      ],
      "labels": [
        {
          "column": 15,
          "line": 5,
          "message": "license expression retrieved via license files: LICENSE and third-party/chromium/LICENSE",
          "span": "ISC AND BSD-3-Clause"
        },
        {
          "column": 15,
          "line": 5,
          "message": "accepted: license is explicitly allowed",
          "span": "ISC"
        },
        {
          "column": 23,
          "line": 5,
          "message": "accepted: license is explicitly allowed via an exception",
          "span": "BSD-3-Clause"
        }
      ],
      "message": "license requirements satisfied",
      "severity": "help"
    },
    "type": "diagnostic"
  },
  {
    "fields": {
      "code": "accepted",
      "graphs": [
        {
          "Krate": {
            "name": "spin",
            "version": "0.5.2"
          },
          "parents": [
            {
              "Krate": {
                "name": "ring",
                "version": "0.16.20"
              },
              "parents": [
                {
                  "Krate": {
                    "name": "rustls-webpki",
                    "version": "0.100.1"
                  },
                  "parents": [
                    {
                      "Krate": {
                        "name": "license-clarification",
                        "version": "0.1.0"
                      }
                    }
                  ]
                }
              ]
            }
          ]
        }
      ],
      "labels": [
        {
          "column": 12,
          "line": 20,
          "message": "",
          "span": "MIT"
        },
        {
          "column": 12,
          "line": 20,
          "message": "accepted: license is explicitly allowed",
          "span": "MIT"
        }
      ],
      "message": "license requirements satisfied",
      "severity": "help"
    },
    "type": "diagnostic"
  },
  {
    "fields": {
      "code": "accepted",
      "graphs": [
        {
          "Krate": {
            "name": "syn",
            "version": "2.0.27"
          },
          "parents": [
            {
              "Krate": {
                "name": "wasm-bindgen-backend",
                "version": "0.2.87"
              },
              "parents": [
                {
                  "Krate": {
                    "name": "wasm-bindgen-macro-support",
                    "version": "0.2.87"
                  },
                  "parents": [
                    {
                      "Krate": {
                        "name": "wasm-bindgen-macro",
                        "version": "0.2.87"
                      },
                      "parents": [
                        {
                          "Krate": {
                            "name": "wasm-bindgen",
                            "version": "0.2.87"
                          },
                          "parents": [
                            {
                              "Krate": {
                                "name": "js-sys",
                                "version": "0.3.64"
                              },
                              "parents": [
                                {
                                  "Krate": {
                                    "name": "web-sys",
                                    "version": "0.3.64"
                                  },
                                  "parents": [
                                    {
                                      "Krate": {
                                        "name": "ring",
                                        "version": "0.16.20"
                                      },
                                      "parents": [
                                        {
                                          "Krate": {
                                            "name": "rustls-webpki",
                                            "version": "0.100.1"
                                          },
                                          "parents": [
                                            {
                                              "Krate": {
                                                "name": "license-clarification",
                                                "version": "0.1.0"
                                              }
                                            }
                                          ]
                                        }
                                      ]
                                    }
                                  ]
                                }
                              ]
                            },
                            {
                              "Krate": {
                                "name": "web-sys",
                                "version": "0.3.64"
                              },
                              "repeat": true
                            }
                          ]
                        }
                      ]
                    }
                  ]
                }
              ]
            },
            {
              "Krate": {
                "name": "wasm-bindgen-macro-support",
                "version": "0.2.87"
              },
              "repeat": true
            }
          ]
        }
      ],
      "labels": [
        {
          "column": 12,
          "line": 38,
          "message": "",
          "span": "MIT OR Apache-2.0"
        },
        {
          "column": 12,
          "line": 38,
          "message": "accepted: license is explicitly allowed",
          "span": "MIT"
        },
        {
          "column": 19,
          "line": 38,
          "message": "accepted: license is explicitly allowed",
          "span": "Apache-2.0"
        }
      ],
      "message": "license requirements satisfied",
      "severity": "help"
    },
    "type": "diagnostic"
  },
  {
    "fields": {
      "code": "accepted",
      "graphs": [
        {
          "Krate": {
            "name": "unicode-ident",
            "version": "1.0.5"
          },
          "parents": [
            {
              "Krate": {
                "name": "proc-macro2",
                "version": "1.0.66"
              },
              "parents": [
                {
                  "Krate": {
                    "name": "quote",
                    "version": "1.0.32"
                  },
                  "parents": [
                    {
                      "Krate": {
                        "name": "syn",
                        "version": "2.0.27"
                      },
                      "parents": [
                        {
                          "Krate": {
                            "name": "wasm-bindgen-backend",
                            "version": "0.2.87"
                          },
                          "parents": [
                            {
                              "Krate": {
                                "name": "wasm-bindgen-macro-support",
                                "version": "0.2.87"
                              },
                              "parents": [
                                {
                                  "Krate": {
                                    "name": "wasm-bindgen-macro",
                                    "version": "0.2.87"
                                  },
                                  "parents": [
                                    {
                                      "Krate": {
                                        "name": "wasm-bindgen",
                                        "version": "0.2.87"
                                      },
                                      "parents": [
                                        {
                                          "Krate": {
                                            "name": "js-sys",
                                            "version": "0.3.64"
                                          },
                                          "parents": [
                                            {
                                              "Krate": {
                                                "name": "web-sys",
                                                "version": "0.3.64"
                                              },
                                              "parents": [
                                                {
                                                  "Krate": {
                                                    "name": "ring",
                                                    "version": "0.16.20"
                                                  },
                                                  "parents": [
                                                    {
                                                      "Krate": {
                                                        "name": "rustls-webpki",
                                                        "version": "0.100.1"
                                                      },
                                                      "parents": [
                                                        {
                                                          "Krate": {
                                                            "name": "license-clarification",
                                                            "version": "0.1.0"
                                                          }
                                                        }
                                                      ]
                                                    }
                                                  ]
                                                }
                                              ]
                                            }
                                          ]
                                        },
                                        {
                                          "Krate": {
                                            "name": "web-sys",
                                            "version": "0.3.64"
                                          },
                                          "repeat": true
                                        }
                                      ]
                                    }
                                  ]
                                }
                              ]
                            }
                          ]
                        },
                        {
                          "Krate": {
                            "name": "wasm-bindgen-macro-support",
                            "version": "0.2.87"
                          },
                          "repeat": true
                        }
                      ]
                    },
                    {
                      "Krate": {
                        "name": "wasm-bindgen-backend",
                        "version": "0.2.87"
                      },
                      "repeat": true
                    },
                    {
                      "Krate": {
                        "name": "wasm-bindgen-macro",
                        "version": "0.2.87"
                      },
                      "repeat": true
                    },
                    {
                      "Krate": {
                        "name": "wasm-bindgen-macro-support",
                        "version": "0.2.87"
                      },
                      "repeat": true
                    }
                  ]
                },
                {
                  "Krate": {
                    "name": "syn",
                    "version": "2.0.27"
                  },
                  "repeat": true
                },
                {
                  "Krate": {
                    "name": "wasm-bindgen-backend",
                    "version": "0.2.87"
                  },
                  "repeat": true
                },
                {
                  "Krate": {
                    "name": "wasm-bindgen-macro-support",
                    "version": "0.2.87"
                  },
                  "repeat": true
                }
              ]
            },
            {
              "Krate": {
                "name": "syn",
                "version": "2.0.27"
              },
              "repeat": true
            }
          ]
        }
      ],
      "labels": [
        {
          "column": 12,
          "line": 29,
          "message": "",
          "span": "(MIT OR Apache-2.0) AND Unicode-DFS-2016"
        },
        {
          "column": 13,
          "line": 29,
          "message": "accepted: license is explicitly allowed",
          "span": "MIT"
        },
        {
          "column": 20,
          "line": 29,
          "message": "accepted: license is explicitly allowed",
          "span": "Apache-2.0"
        },
        {
          "column": 36,
          "line": 29,
          "message": "accepted: license is explicitly allowed via an exception",
          "span": "Unicode-DFS-2016"
        }
      ],
      "message": "license requirements satisfied",
      "severity": "help"
    },
    "type": "diagnostic"
  },
  {
    "fields": {
      "code": "accepted",
      "graphs": [
        {
          "Krate": {
            "name": "untrusted",
            "version": "0.7.1"
          },
          "parents": [
            {
              "Krate": {
                "name": "ring",
                "version": "0.16.20"
              },
              "parents": [
                {
                  "Krate": {
                    "name": "rustls-webpki",
                    "version": "0.100.1"
                  },
                  "parents": [
                    {
                      "Krate": {
                        "name": "license-clarification",
                        "version": "0.1.0"
                      }
                    }
                  ]
                }
              ]
            },
            {
              "Krate": {
                "name": "rustls-webpki",
                "version": "0.100.1"
              },
              "repeat": true
            }
          ]
        }
      ],
      "labels": [
        {
          "column": 12,
          "line": 21,
          "message": "",
          "span": "ISC"
        },
        {
          "column": 12,
          "line": 21,
          "message": "accepted: license is explicitly allowed",
          "span": "ISC"
        }
      ],
      "message": "license requirements satisfied",
      "severity": "help"
    },
    "type": "diagnostic"
  },
  {
    "fields": {
      "code": "accepted",
      "graphs": [
        {
          "Krate": {
            "name": "wasm-bindgen",
            "version": "0.2.87"
          },
          "parents": [
            {
              "Krate": {
                "name": "js-sys",
                "version": "0.3.64"
              },
              "parents": [
                {
                  "Krate": {
                    "name": "web-sys",
                    "version": "0.3.64"
                  },
                  "parents": [
                    {
                      "Krate": {
                        "name": "ring",
                        "version": "0.16.20"
                      },
                      "parents": [
                        {
                          "Krate": {
                            "name": "rustls-webpki",
                            "version": "0.100.1"
                          },
                          "parents": [
                            {
                              "Krate": {
                                "name": "license-clarification",
                                "version": "0.1.0"
                              }
                            }
                          ]
                        }
                      ]
                    }
                  ]
                }
              ]
            },
            {
              "Krate": {
                "name": "web-sys",
                "version": "0.3.64"
              },
              "repeat": true
            }
          ]
        }
      ],
      "labels": [
        {
          "column": 12,
          "line": 25,
          "message": "",
          "span": "MIT/Apache-2.0"
        },
        {
          "column": 12,
          "line": 25,
          "message": "accepted: license is explicitly allowed",
          "span": "MIT"
        },
        {
          "column": 16,
          "line": 25,
          "message": "accepted: license is explicitly allowed",
          "span": "Apache-2.0"
        }
      ],
      "message": "license requirements satisfied",
      "severity": "help"
    },
    "type": "diagnostic"
  },
  {
    "fields": {
      "code": "accepted",
      "graphs": [
        {
          "Krate": {
            "name": "wasm-bindgen-backend",
            "version": "0.2.87"
          },
          "parents": [
            {
              "Krate": {
                "name": "wasm-bindgen-macro-support",
                "version": "0.2.87"
              },
              "parents": [
                {
                  "Krate": {
                    "name": "wasm-bindgen-macro",
                    "version": "0.2.87"
                  },
                  "parents": [
                    {
                      "Krate": {
                        "name": "wasm-bindgen",
                        "version": "0.2.87"
                      },
                      "parents": [
                        {
                          "Krate": {
                            "name": "js-sys",
                            "version": "0.3.64"
                          },
                          "parents": [
                            {
                              "Krate": {
                                "name": "web-sys",
                                "version": "0.3.64"
                              },
                              "parents": [
                                {
                                  "Krate": {
                                    "name": "ring",
                                    "version": "0.16.20"
                                  },
                                  "parents": [
                                    {
                                      "Krate": {
                                        "name": "rustls-webpki",
                                        "version": "0.100.1"
                                      },
                                      "parents": [
                                        {
                                          "Krate": {
                                            "name": "license-clarification",
                                            "version": "0.1.0"
                                          }
                                        }
                                      ]
                                    }
                                  ]
                                }
                              ]
                            }
                          ]
                        },
                        {
                          "Krate": {
                            "name": "web-sys",
                            "version": "0.3.64"
                          },
                          "repeat": true
                        }
                      ]
                    }
                  ]
                }
              ]
            }
          ]
        }
      ],
      "labels": [
        {
          "column": 12,
          "line": 23,
          "message": "",
          "span": "MIT/Apache-2.0"
        },
        {
          "column": 12,
          "line": 23,
          "message": "accepted: license is explicitly allowed",
          "span": "MIT"
        },
        {
          "column": 16,
          "line": 23,
          "message": "accepted: license is explicitly allowed",
          "span": "Apache-2.0"
        }
      ],
      "message": "license requirements satisfied",
      "severity": "help"
    },
    "type": "diagnostic"
  },
  {
    "fields": {
      "code": "accepted",
      "graphs": [
        {
          "Krate": {
            "name": "wasm-bindgen-macro",
            "version": "0.2.87"
          },
          "parents": [
            {
              "Krate": {
                "name": "wasm-bindgen",
                "version": "0.2.87"
              },
              "parents": [
                {
                  "Krate": {
                    "name": "js-sys",
                    "version": "0.3.64"
                  },
                  "parents": [
                    {
                      "Krate": {
                        "name": "web-sys",
                        "version": "0.3.64"
                      },
                      "parents": [
                        {
                          "Krate": {
                            "name": "ring",
                            "version": "0.16.20"
                          },
                          "parents": [
                            {
                              "Krate": {
                                "name": "rustls-webpki",
                                "version": "0.100.1"
                              },
                              "parents": [
                                {
                                  "Krate": {
                                    "name": "license-clarification",
                                    "version": "0.1.0"
                                  }
                                }
                              ]
                            }
                          ]
                        }
                      ]
                    }
                  ]
                },
                {
                  "Krate": {
                    "name": "web-sys",
                    "version": "0.3.64"
                  },
                  "repeat": true
                }
              ]
            }
          ]
        }
      ],
      "labels": [
        {
          "column": 12,
          "line": 24,
          "message": "",
          "span": "MIT/Apache-2.0"
        },
        {
          "column": 12,
          "line": 24,
          "message": "accepted: license is explicitly allowed",
          "span": "MIT"
        },
        {
          "column": 16,
          "line": 24,
          "message": "accepted: license is explicitly allowed",
          "span": "Apache-2.0"
        }
      ],
      "message": "license requirements satisfied",
      "severity": "help"
    },
    "type": "diagnostic"
  },
  {
    "fields": {
      "code": "accepted",
      "graphs": [
        {
          "Krate": {
            "name": "wasm-bindgen-macro-support",
            "version": "0.2.87"
          },
          "parents": [
            {
              "Krate": {
                "name": "wasm-bindgen-macro",
                "version": "0.2.87"
              },
              "parents": [
                {
                  "Krate": {
                    "name": "wasm-bindgen",
                    "version": "0.2.87"
                  },
                  "parents": [
                    {
                      "Krate": {
                        "name": "js-sys",
                        "version": "0.3.64"
                      },
                      "parents": [
                        {
                          "Krate": {
                            "name": "web-sys",
                            "version": "0.3.64"
                          },
                          "parents": [
                            {
                              "Krate": {
                                "name": "ring",
                                "version": "0.16.20"
                              },
                              "parents": [
                                {
                                  "Krate": {
                                    "name": "rustls-webpki",
                                    "version": "0.100.1"
                                  },
                                  "parents": [
                                    {
                                      "Krate": {
                                        "name": "license-clarification",
                                        "version": "0.1.0"
                                      }
                                    }
                                  ]
                                }
                              ]
                            }
                          ]
                        }
                      ]
                    },
                    {
                      "Krate": {
                        "name": "web-sys",
                        "version": "0.3.64"
                      },
                      "repeat": true
                    }
                  ]
                }
              ]
            }
          ]
        }
      ],
      "labels": [
        {
          "column": 12,
          "line": 23,
          "message": "",
          "span": "MIT/Apache-2.0"
        },
        {
          "column": 12,
          "line": 23,
          "message": "accepted: license is explicitly allowed",
          "span": "MIT"
        },
        {
          "column": 16,
          "line": 23,
          "message": "accepted: license is explicitly allowed",
          "span": "Apache-2.0"
        }
      ],
      "message": "license requirements satisfied",
      "severity": "help"
    },
    "type": "diagnostic"
  },
  {
    "fields": {
      "code": "accepted",
      "graphs": [
        {
          "Krate": {
            "name": "wasm-bindgen-shared",
            "version": "0.2.87"
          },
          "parents": [
            {
              "Krate": {
                "name": "wasm-bindgen-backend",
                "version": "0.2.87"
              },
              "parents": [
                {
                  "Krate": {
                    "name": "wasm-bindgen-macro-support",
                    "version": "0.2.87"
                  },
                  "parents": [
                    {
                      "Krate": {
                        "name": "wasm-bindgen-macro",
                        "version": "0.2.87"
                      },
                      "parents": [
                        {
                          "Krate": {
                            "name": "wasm-bindgen",
                            "version": "0.2.87"
                          },
                          "parents": [
                            {
                              "Krate": {
                                "name": "js-sys",
                                "version": "0.3.64"
                              },
                              "parents": [
                                {
                                  "Krate": {
                                    "name": "web-sys",
                                    "version": "0.3.64"
                                  },
                                  "parents": [
                                    {
                                      "Krate": {
                                        "name": "ring",
                                        "version": "0.16.20"
                                      },
                                      "parents": [
                                        {
                                          "Krate": {
                                            "name": "rustls-webpki",
                                            "version": "0.100.1"
                                          },
                                          "parents": [
                                            {
                                              "Krate": {
                                                "name": "license-clarification",
                                                "version": "0.1.0"
                                              }
                                            }
                                          ]
                                        }
                                      ]
                                    }
                                  ]
                                }
                              ]
                            },
                            {
                              "Krate": {
                                "name": "web-sys",
                                "version": "0.3.64"
                              },
                              "repeat": true
                            }
                          ]
                        }
                      ]
                    }
                  ]
                }
              ]
            },
            {
              "Krate": {
                "name": "wasm-bindgen-macro-support",
                "version": "0.2.87"
              },
              "repeat": true
            }
          ]
        }
      ],
      "labels": [
        {
          "column": 12,
          "line": 25,
          "message": "",
          "span": "MIT/Apache-2.0"
        },
        {
          "column": 12,
          "line": 25,
          "message": "accepted: license is explicitly allowed",
          "span": "MIT"
        },
        {
          "column": 16,
          "line": 25,
          "message": "accepted: license is explicitly allowed",
          "span": "Apache-2.0"
        }
      ],
      "message": "license requirements satisfied",
      "severity": "help"
    },
    "type": "diagnostic"
  },
  {
    "fields": {
      "code": "accepted",
      "graphs": [
        {
          "Krate": {
            "name": "web-sys",
            "version": "0.3.64"
          },
          "parents": [
            {
              "Krate": {
                "name": "ring",
                "version": "0.16.20"
              },
              "parents": [
                {
                  "Krate": {
                    "name": "rustls-webpki",
                    "version": "0.100.1"
                  },
                  "parents": [
                    {
                      "Krate": {
                        "name": "license-clarification",
                        "version": "0.1.0"
                      }
                    }
                  ]
                }
              ]
            }
          ]
        }
      ],
      "labels": [
        {
          "column": 12,
          "line": 24,
          "message": "",
          "span": "MIT/Apache-2.0"
        },
        {
          "column": 12,
          "line": 24,
          "message": "accepted: license is explicitly allowed",
          "span": "MIT"
        },
        {
          "column": 16,
          "line": 24,
          "message": "accepted: license is explicitly allowed",
          "span": "Apache-2.0"
        }
      ],
      "message": "license requirements satisfied",
      "severity": "help"
    },
    "type": "diagnostic"
  },
  {
    "fields": {
      "code": "accepted",
      "graphs": [
        {
          "Krate": {
            "name": "winapi",
            "version": "0.3.9"
          },
          "parents": [
            {
              "Krate": {
                "name": "ring",
                "version": "0.16.20"
              },
              "parents": [
                {
                  "Krate": {
                    "name": "rustls-webpki",
                    "version": "0.100.1"
                  },
                  "parents": [
                    {
                      "Krate": {
                        "name": "license-clarification",
                        "version": "0.1.0"
                      }
                    }
                  ]
                }
              ]
            }
          ]
        }
      ],
      "labels": [
        {
          "column": 12,
          "line": 24,
          "message": "",
          "span": "MIT/Apache-2.0"
        },
        {
          "column": 12,
          "line": 24,
          "message": "accepted: license is explicitly allowed",
          "span": "MIT"
        },
        {
          "column": 16,
          "line": 24,
          "message": "accepted: license is explicitly allowed",
          "span": "Apache-2.0"
        }
      ],
      "message": "license requirements satisfied",
      "severity": "help"
    },
    "type": "diagnostic"
  },
  {
    "fields": {
      "code": "accepted",
      "graphs": [
        {
          "Krate": {
            "name": "winapi-i686-pc-windows-gnu",
            "version": "0.4.0"
          },
          "parents": [
            {
              "Krate": {
                "name": "winapi",
                "version": "0.3.9"
              },
              "parents": [
                {
                  "Krate": {
                    "name": "ring",
                    "version": "0.16.20"
                  },
                  "parents": [
                    {
                      "Krate": {
                        "name": "rustls-webpki",
                        "version": "0.100.1"
                      },
                      "parents": [
                        {
                          "Krate": {
                            "name": "license-clarification",
                            "version": "0.1.0"
                          }
                        }
                      ]
                    }
                  ]
                }
              ]
            }
          ]
        }
      ],
      "labels": [
        {
          "column": 12,
          "line": 21,
          "message": "",
          "span": "MIT/Apache-2.0"
        },
        {
          "column": 12,
          "line": 21,
          "message": "accepted: license is explicitly allowed",
          "span": "MIT"
        },
        {
          "column": 16,
          "line": 21,
          "message": "accepted: license is explicitly allowed",
          "span": "Apache-2.0"
        }
      ],
      "message": "license requirements satisfied",
      "severity": "help"
    },
    "type": "diagnostic"
  },
  {
    "fields": {
      "code": "accepted",
      "graphs": [
        {
          "Krate": {
            "name": "winapi-x86_64-pc-windows-gnu",
            "version": "0.4.0"
          },
          "parents": [
            {
              "Krate": {
                "name": "winapi",
                "version": "0.3.9"
              },
              "parents": [
                {
                  "Krate": {
                    "name": "ring",
                    "version": "0.16.20"
                  },
                  "parents": [
                    {
                      "Krate": {
                        "name": "rustls-webpki",
                        "version": "0.100.1"
                      },
                      "parents": [
                        {
                          "Krate": {
                            "name": "license-clarification",
                            "version": "0.1.0"
                          }
                        }
                      ]
                    }
                  ]
                }
              ]
            }
          ]
        }
      ],
      "labels": [
        {
          "column": 12,
          "line": 21,
          "message": "",
          "span": "MIT/Apache-2.0"
        },
        {
          "column": 12,
          "line": 21,
          "message": "accepted: license is explicitly allowed",
          "span": "MIT"
        },
        {
          "column": 16,
          "line": 21,
          "message": "accepted: license is explicitly allowed",
          "span": "Apache-2.0"
        }
      ],
      "message": "license requirements satisfied",
      "severity": "help"
    },
    "type": "diagnostic"
  }
]
