---
source: tests/licenses.rs
expression: diags
---
[
  {
    "fields": {
      "code": "license-exception-not-encountered",
      "graphs": [],
      "labels": [
        {
          "column": 26,
          "line": 2,
          "message": "unmatched license exception",
          "span": "bippity-boppity-boop"
        }
      ],
      "message": "license exception was not encountered",
      "severity": "error"
    },
    "type": "diagnostic"
  }
]
