---
source: src/advisories/cfg.rs
expression: validated
---
{
  "file_id": 0,
  "db_path": "/home/you/.cargo/advisory-dbs",
  "db_urls": [
    "https://github.com/RustSec/advisory-db"
  ],
  "ignore": [
    {
      "id": "RUSTSEC-0000-0000",
      "reason": null
    }
  ],
  "ignore_yanked": [
    {
      "spec": {
        "name": "crate",
        "version-req": "=0.1"
      },
      "reason": null,
      "use-instead": null
    },
    {
      "spec": {
        "name": "yanked",
        "version-req": null
      },
      "reason": "a new version has not been released",
      "use-instead": null
    }
  ],
  "deprecated": {
    "vulnerability": "deny",
    "unmaintained": "warn",
    "unsound": "warn",
    "notice": "warn",
    "severity_threshold": "medium"
  },
  "yanked": "warn",
  "git_fetch_with_cli": false,
  "disable_yank_checking": false,
  "maximum_db_staleness": [
    466560000,
    0
  ]
}
